[themepixels.com/main/themes/demo/webpage/shamcey/index.html]
[backblue.gif]
[fade.gif]
[index.html]
[themepixels.com/main/themes/demo/webpage/shamcey/css/style.shinyblue.2.delayed]
[themepixels.com/main/themes/demo/webpage/shamcey/js/jquery-1.9.1.min.js]
[themepixels.com/main/themes/demo/webpage/shamcey/js/jquery-migrate-1.1.1.min.js]
[themepixels.com/main/themes/demo/webpage/shamcey/js/modernizr.min.js]
[themepixels.com/main/themes/demo/webpage/shamcey/js/jquery-ui-1.9.2.min.js]
[themepixels.com/main/themes/demo/webpage/shamcey/js/bootstrap.min.js]
[themepixels.com/main/themes/demo/webpage/shamcey/js/jquery.cookie.js]
[themepixels.com/main/themes/demo/webpage/shamcey/js/custom.js]
[themepixels.com/main/themes/demo/webpage/shamcey/index.html]
[themepixels.com/main/themes/demo/webpage/shamcey/images/logo.png]
[themepixels.com/main/themes/demo/webpage/shamcey/css/flexslider.css]
[themepixels.com/main/themes/demo/webpage/shamcey/images/leftpanelbg.png]
[themepixels.com/main/themes/demo/webpage/shamcey/images/bg1.png]
[themepixels.com/main/themes/demo/webpage/shamcey/images/icons/message.png]
[themepixels.com/main/themes/demo/webpage/shamcey/images/icons/users.png]
[themepixels.com/main/themes/demo/webpage/shamcey/images/icons/bar.png]
[themepixels.com/main/themes/demo/webpage/shamcey/images/droparrow.png]
[themepixels.com/main/themes/demo/webpage/shamcey/images/menuarrow.png]
[themepixels.com/main/themes/demo/webpage/shamcey/images/bcarrow.png]
[themepixels.com/main/themes/demo/webpage/shamcey/images/icons/search.png]
[themepixels.com/main/themes/demo/webpage/shamcey/images/icons/icon-event.png]
[themepixels.com/main/themes/demo/webpage/shamcey/images/icons/icon-cart.png]
[themepixels.com/main/themes/demo/webpage/shamcey/images/icons/icon-archive.png]
[themepixels.com/main/themes/demo/webpage/shamcey/images/icons/icon-help.png]
[themepixels.com/main/themes/demo/webpage/shamcey/images/icons/icon-images.png]
[themepixels.com/main/themes/demo/webpage/shamcey/images/iconsweets-icons.png]
[themepixels.com/main/themes/demo/webpage/shamcey/images/iconsweets-icons-white.png]
[themepixels.com/main/themes/demo/webpage/shamcey/images/prev.png]
[themepixels.com/main/themes/demo/webpage/shamcey/images/next.png]
[themepixels.com/main/themes/demo/webpage/shamcey/images/check.png]
[themepixels.com/main/themes/demo/webpage/shamcey/images/check2.png]
[themepixels.com/main/themes/demo/webpage/shamcey/img/steps.png]
[themepixels.com/main/themes/demo/webpage/shamcey/images/blockquote.png]
[themepixels.com/main/themes/demo/webpage/shamcey/images/transwhite.png]
[themepixels.com/main/themes/demo/webpage/shamcey/images/transwhite2.png]
[themepixels.com/main/themes/demo/webpage/shamcey/images/barmenu.png]
[themepixels.com/main/themes/demo/webpage/shamcey/css/style.default.css]
[themepixels.com/main/themes/demo/webpage/shamcey/css/style.shinyblue.html]
[themepixels.com/main/themes/demo/webpage/shamcey/images/glyphicons-halflings.png]
[themepixels.com/main/themes/demo/webpage/shamcey/images/glyphicons-halflings-white.png]
[themepixels.com/main/themes/demo/webpage/shamcey/css/bootstrap.min.css]
[themepixels.com/main/themes/demo/webpage/shamcey/css/bootstrap-responsive.min.css]
[themepixels.com/main/themes/demo/webpage/shamcey/images/calarrow.png]
[themepixels.com/main/themes/demo/webpage/shamcey/images/sliderhor.png]
[themepixels.com/main/themes/demo/webpage/shamcey/images/sliderver.png]
[themepixels.com/main/themes/demo/webpage/shamcey/css/jquery.ui.css]
[themepixels.com/main/themes/demo/webpage/shamcey/css/animate.min.css]
[themepixels.com/main/themes/demo/webpage/shamcey/css/animate.delay.css]
[themepixels.com/main/themes/demo/webpage/shamcey/css/isotope.css]
[themepixels.com/main/themes/demo/webpage/shamcey/images/overlay.png]
[themepixels.com/main/themes/demo/webpage/shamcey/images/controls.png]
[themepixels.com/main/themes/demo/webpage/shamcey/images/border.png]
[themepixels.com/main/themes/demo/webpage/shamcey/images/loading_background.png]
[themepixels.com/main/themes/demo/webpage/shamcey/images/loading.gif]
[themepixels.com/main/themes/demo/webpage/shamcey/css/colorbox.css]
[themepixels.com/main/themes/demo/webpage/shamcey/css/flexslider.html]
[themepixels.com/main/themes/demo/webpage/shamcey/images/uniform/sprite.png]
[themepixels.com/main/themes/demo/webpage/shamcey/images/uniform/bg-input-focus.png]
[themepixels.com/main/themes/demo/webpage/shamcey/images/uniform/bg-input.png]
[themepixels.com/main/themes/demo/webpage/shamcey/css/uniform.tp.css]
[themepixels.com/main/themes/demo/webpage/shamcey/images/colorpicker/colorpicker_background.png]
[themepixels.com/main/themes/demo/webpage/shamcey/images/colorpicker/colorpicker_overlay.png]
[themepixels.com/main/themes/demo/webpage/shamcey/images/colorpicker/colorpicker_select.gif]
[themepixels.com/main/themes/demo/webpage/shamcey/images/colorpicker/colorpicker_indic.gif]
[themepixels.com/main/themes/demo/webpage/shamcey/images/colorpicker/colorpicker_hex.png]
[themepixels.com/main/themes/demo/webpage/shamcey/images/colorpicker/colorpicker_rgb_r.png]
[themepixels.com/main/themes/demo/webpage/shamcey/images/colorpicker/colorpicker_rgb_g.png]
[themepixels.com/main/themes/demo/webpage/shamcey/images/colorpicker/colorpicker_rgb_b.png]
[themepixels.com/main/themes/demo/webpage/shamcey/images/colorpicker/colorpicker_hsb_h.png]
[themepixels.com/main/themes/demo/webpage/shamcey/images/colorpicker/colorpicker_hsb_s.png]
[themepixels.com/main/themes/demo/webpage/shamcey/images/colorpicker/colorpicker_hsb_b.png]
[themepixels.com/main/themes/demo/webpage/shamcey/images/colorpicker/colorpicker_submit.png]
[themepixels.com/main/themes/demo/webpage/shamcey/images/colorpicker/select2.png]
[themepixels.com/main/themes/demo/webpage/shamcey/css/colorpicker.css]
[themepixels.com/main/themes/demo/webpage/shamcey/css/jquery.jgrowl.css]
[themepixels.com/main/themes/demo/webpage/shamcey/css/jquery.alerts.css]
[themepixels.com/main/themes/demo/webpage/shamcey/css/jquery.tagsinput.css]
[themepixels.com/main/themes/demo/webpage/shamcey/images/spinner.png]
[themepixels.com/main/themes/demo/webpage/shamcey/css/ui.spinner.css]
[themepixels.com/main/themes/demo/webpage/shamcey/images/chosen-sprite.png]
[themepixels.com/main/themes/demo/webpage/shamcey/css/jquery.chosen.css]
[themepixels.com/main/themes/demo/webpage/shamcey/css/fullcalendar.css]
[themepixels.com/main/themes/demo/webpage/shamcey/fonts/roboto/Roboto-Regular-webfont.eot]
[themepixels.com/main/themes/demo/webpage/shamcey/fonts/roboto/Roboto-Regular-webfontd41d.eot]
[themepixels.com/main/themes/demo/webpage/shamcey/fonts/roboto/Roboto-Regular-webfont.woff]
[themepixels.com/main/themes/demo/webpage/shamcey/fonts/roboto/Roboto-Regular-webfont.ttf]
[themepixels.com/main/themes/demo/webpage/shamcey/fonts/roboto/Roboto-Italic-webfont.eot]
[themepixels.com/main/themes/demo/webpage/shamcey/fonts/roboto/Roboto-Italic-webfont.woff]
[themepixels.com/main/themes/demo/webpage/shamcey/fonts/roboto/Roboto-Italic-webfontd41d.eot]
[themepixels.com/main/themes/demo/webpage/shamcey/fonts/roboto/Roboto-Italic-webfont.ttf]
[themepixels.com/main/themes/demo/webpage/shamcey/fonts/roboto/Roboto-Bold-webfont.eot]
[themepixels.com/main/themes/demo/webpage/shamcey/fonts/roboto/Roboto-Bold-webfontd41d.eot]
[themepixels.com/main/themes/demo/webpage/shamcey/fonts/roboto/Roboto-Bold-webfont.woff]
[themepixels.com/main/themes/demo/webpage/shamcey/fonts/roboto/Roboto-Bold-webfont.ttf]
[themepixels.com/main/themes/demo/webpage/shamcey/fonts/roboto/Roboto-BoldItalic-webfont.eot]
[themepixels.com/main/themes/demo/webpage/shamcey/fonts/roboto/Roboto-BoldItalic-webfont.woff]
[themepixels.com/main/themes/demo/webpage/shamcey/fonts/roboto/Roboto-BoldItalic-webfontd41d.eot]
[themepixels.com/main/themes/demo/webpage/shamcey/fonts/roboto/Roboto-BoldItalic-webfont.ttf]
[themepixels.com/main/themes/demo/webpage/shamcey/fonts/roboto/Roboto-Condensed-webfont.eot]
[themepixels.com/main/themes/demo/webpage/shamcey/fonts/roboto/Roboto-Condensed-webfont.woff]
[themepixels.com/main/themes/demo/webpage/shamcey/fonts/roboto/Roboto-Condensed-webfontd41d.eot]
[themepixels.com/main/themes/demo/webpage/shamcey/fonts/roboto/Roboto-Condensed-webfont.ttf]
[themepixels.com/main/themes/demo/webpage/shamcey/fonts/roboto/Roboto-CondensedItalic-webfont.eot]
[themepixels.com/main/themes/demo/webpage/shamcey/fonts/roboto/Roboto-CondensedItalic-webfont.woff]
[themepixels.com/main/themes/demo/webpage/shamcey/fonts/roboto/Roboto-CondensedItalic-webfontd41d.eot]
[themepixels.com/main/themes/demo/webpage/shamcey/fonts/roboto/Roboto-CondensedItalic-webfont.ttf]
[themepixels.com/main/themes/demo/webpage/shamcey/fonts/roboto/Roboto-BoldCondensed-webfont.eot]
[themepixels.com/main/themes/demo/webpage/shamcey/fonts/roboto/Roboto-BoldCondensed-webfontd41d.eot]
[themepixels.com/main/themes/demo/webpage/shamcey/fonts/roboto/Roboto-BoldCondensed-webfont.woff]
[themepixels.com/main/themes/demo/webpage/shamcey/fonts/roboto/Roboto-BoldCondensed-webfont.ttf]
[themepixels.com/main/themes/demo/webpage/shamcey/fonts/roboto/Roboto-BoldCondensedItalic-webfont.eot]
[themepixels.com/main/themes/demo/webpage/shamcey/fonts/roboto/Roboto-BoldCondensedItalic-webfont.woff]
[themepixels.com/main/themes/demo/webpage/shamcey/fonts/roboto/Roboto-BoldCondensedItalic-webfontd41d.eot]
[themepixels.com/main/themes/demo/webpage/shamcey/fonts/roboto/Roboto-BoldCondensedItalic-webfont.ttf]
[themepixels.com/main/themes/demo/webpage/shamcey/fonts/roboto/Roboto-Thin-webfont.eot]
[themepixels.com/main/themes/demo/webpage/shamcey/fonts/roboto/Roboto-Thin-webfont.woff]
[themepixels.com/main/themes/demo/webpage/shamcey/fonts/roboto/Roboto-Thin-webfontd41d.eot]
[themepixels.com/main/themes/demo/webpage/shamcey/fonts/roboto/Roboto-Thin-webfont.ttf]
[themepixels.com/main/themes/demo/webpage/shamcey/fonts/roboto/Roboto-ThinItalic-webfont.eot]
[themepixels.com/main/themes/demo/webpage/shamcey/fonts/roboto/Roboto-ThinItalic-webfont.woff]
[themepixels.com/main/themes/demo/webpage/shamcey/fonts/roboto/Roboto-ThinItalic-webfontd41d.eot]
[themepixels.com/main/themes/demo/webpage/shamcey/fonts/roboto/Roboto-ThinItalic-webfont.ttf]
[themepixels.com/main/themes/demo/webpage/shamcey/fonts/roboto/Roboto-Light-webfont.eot]
[themepixels.com/main/themes/demo/webpage/shamcey/fonts/roboto/Roboto-Light-webfont.woff]
[themepixels.com/main/themes/demo/webpage/shamcey/fonts/roboto/Roboto-Light-webfontd41d.eot]
[themepixels.com/main/themes/demo/webpage/shamcey/fonts/roboto/Roboto-Light-webfont.ttf]
[themepixels.com/main/themes/demo/webpage/shamcey/fonts/roboto/Roboto-LightItalic-webfont.eot]
[themepixels.com/main/themes/demo/webpage/shamcey/fonts/roboto/Roboto-LightItalic-webfont.woff]
[themepixels.com/main/themes/demo/webpage/shamcey/fonts/roboto/Roboto-LightItalic-webfontd41d.eot]
[themepixels.com/main/themes/demo/webpage/shamcey/fonts/roboto/Roboto-LightItalic-webfont.ttf]
[themepixels.com/main/themes/demo/webpage/shamcey/fonts/roboto/Roboto-Medium-webfont.eot]
[themepixels.com/main/themes/demo/webpage/shamcey/fonts/roboto/Roboto-Medium-webfontd41d.eot]
[themepixels.com/main/themes/demo/webpage/shamcey/fonts/roboto/Roboto-Medium-webfont.woff]
[themepixels.com/main/themes/demo/webpage/shamcey/fonts/roboto/Roboto-Medium-webfont.ttf]
[themepixels.com/main/themes/demo/webpage/shamcey/fonts/roboto/Roboto-MediumItalic-webfont.eot]
[themepixels.com/main/themes/demo/webpage/shamcey/fonts/roboto/Roboto-MediumItalic-webfont.woff]
[themepixels.com/main/themes/demo/webpage/shamcey/fonts/roboto/Roboto-MediumItalic-webfont.ttf]
[themepixels.com/main/themes/demo/webpage/shamcey/fonts/roboto/Roboto-MediumItalic-webfontd41d.eot]
[themepixels.com/main/themes/demo/webpage/shamcey/fonts/roboto/Roboto-Black-webfont.eot]
[themepixels.com/main/themes/demo/webpage/shamcey/fonts/roboto/Roboto-Black-webfontd41d.eot]
[themepixels.com/main/themes/demo/webpage/shamcey/fonts/roboto/Roboto-Black-webfont.woff]
[themepixels.com/main/themes/demo/webpage/shamcey/fonts/roboto/Roboto-Black-webfont.ttf]
[themepixels.com/main/themes/demo/webpage/shamcey/fonts/roboto/Roboto-BlackItalic-webfont.eot]
[themepixels.com/main/themes/demo/webpage/shamcey/fonts/roboto/Roboto-BlackItalic-webfont.woff]
[themepixels.com/main/themes/demo/webpage/shamcey/fonts/roboto/Roboto-BlackItalic-webfont.ttf]
[themepixels.com/main/themes/demo/webpage/shamcey/fonts/roboto/Roboto-BlackItalic-webfontd41d.eot]
[themepixels.com/main/themes/demo/webpage/shamcey/css/roboto.css]
[themepixels.com/main/themes/demo/webpage/shamcey/fonts/lato/Lato-BlaIta-webfont.eot]
[themepixels.com/main/themes/demo/webpage/shamcey/fonts/lato/Lato-BlaIta-webfont.woff]
[themepixels.com/main/themes/demo/webpage/shamcey/fonts/lato/Lato-BlaIta-webfontd41d.eot]
[themepixels.com/main/themes/demo/webpage/shamcey/fonts/lato/Lato-BlaIta-webfont.ttf]
[themepixels.com/main/themes/demo/webpage/shamcey/fonts/lato/Lato-Bla-webfont.eot]
[themepixels.com/main/themes/demo/webpage/shamcey/fonts/lato/Lato-Bla-webfont.woff]
[themepixels.com/main/themes/demo/webpage/shamcey/fonts/lato/Lato-Bla-webfontd41d.eot]
[themepixels.com/main/themes/demo/webpage/shamcey/fonts/lato/Lato-Bla-webfont.ttf]
[themepixels.com/main/themes/demo/webpage/shamcey/fonts/lato/Lato-BolIta-webfont.eot]
[themepixels.com/main/themes/demo/webpage/shamcey/fonts/lato/Lato-BolIta-webfont.woff]
[themepixels.com/main/themes/demo/webpage/shamcey/fonts/lato/Lato-BolIta-webfontd41d.eot]
[themepixels.com/main/themes/demo/webpage/shamcey/fonts/lato/Lato-BolIta-webfont.ttf]
[themepixels.com/main/themes/demo/webpage/shamcey/fonts/lato/Lato-Bol-webfont.eot]
[themepixels.com/main/themes/demo/webpage/shamcey/fonts/lato/Lato-Bol-webfont.woff]
[themepixels.com/main/themes/demo/webpage/shamcey/fonts/lato/Lato-Bol-webfontd41d.eot]
[themepixels.com/main/themes/demo/webpage/shamcey/fonts/lato/Lato-Bol-webfont.ttf]
[themepixels.com/main/themes/demo/webpage/shamcey/fonts/lato/Lato-RegIta-webfont.eot]
[themepixels.com/main/themes/demo/webpage/shamcey/fonts/lato/Lato-RegIta-webfont.woff]
[themepixels.com/main/themes/demo/webpage/shamcey/fonts/lato/Lato-RegIta-webfontd41d.eot]
[themepixels.com/main/themes/demo/webpage/shamcey/fonts/lato/Lato-RegIta-webfont.ttf]
[themepixels.com/main/themes/demo/webpage/shamcey/fonts/lato/Lato-Reg-webfont.eot]
[themepixels.com/main/themes/demo/webpage/shamcey/fonts/lato/Lato-Reg-webfont.woff]
[themepixels.com/main/themes/demo/webpage/shamcey/fonts/lato/Lato-Reg-webfontd41d.eot]
[themepixels.com/main/themes/demo/webpage/shamcey/fonts/lato/Lato-Reg-webfont.ttf]
[themepixels.com/main/themes/demo/webpage/shamcey/fonts/lato/Lato-LigIta-webfont.eot]
[themepixels.com/main/themes/demo/webpage/shamcey/fonts/lato/Lato-LigIta-webfont.woff]
[themepixels.com/main/themes/demo/webpage/shamcey/fonts/lato/Lato-LigIta-webfontd41d.eot]
[themepixels.com/main/themes/demo/webpage/shamcey/fonts/lato/Lato-LigIta-webfont.ttf]
[themepixels.com/main/themes/demo/webpage/shamcey/fonts/lato/Lato-Lig-webfont.eot]
[themepixels.com/main/themes/demo/webpage/shamcey/fonts/lato/Lato-Lig-webfont.woff]
[themepixels.com/main/themes/demo/webpage/shamcey/fonts/lato/Lato-Lig-webfontd41d.eot]
[themepixels.com/main/themes/demo/webpage/shamcey/fonts/lato/Lato-Lig-webfont.ttf]
[themepixels.com/main/themes/demo/webpage/shamcey/fonts/lato/Lato-HaiIta-webfont.eot]
[themepixels.com/main/themes/demo/webpage/shamcey/fonts/lato/Lato-HaiIta-webfontd41d.eot]
[themepixels.com/main/themes/demo/webpage/shamcey/fonts/lato/Lato-HaiIta-webfont.woff]
[themepixels.com/main/themes/demo/webpage/shamcey/fonts/lato/Lato-HaiIta-webfont.ttf]
[themepixels.com/main/themes/demo/webpage/shamcey/fonts/lato/Lato-Hai-webfont.eot]
[themepixels.com/main/themes/demo/webpage/shamcey/fonts/lato/Lato-Hai-webfontd41d.eot]
[themepixels.com/main/themes/demo/webpage/shamcey/fonts/lato/Lato-Hai-webfont.woff]
[themepixels.com/main/themes/demo/webpage/shamcey/fonts/lato/Lato-Hai-webfont.ttf]
[themepixels.com/main/themes/demo/webpage/shamcey/css/lato.css]
[themepixels.com/main/themes/demo/webpage/shamcey/fonts/fontawesome/fontawesome-webfonte63c.eot]
[themepixels.com/main/themes/demo/webpage/shamcey/fonts/fontawesome/fontawesome-webfontd41d.eot]
[themepixels.com/main/themes/demo/webpage/shamcey/fonts/fontawesome/fontawesome-webfonte63c.woff]
[themepixels.com/main/themes/demo/webpage/shamcey/fonts/fontawesome/fontawesome-webfonte63c.ttf]
[themepixels.com/main/themes/demo/webpage/shamcey/css/font-awesome.min.css]
[themepixels.com/main/themes/demo/webpage/shamcey/img/steps.html]
[themepixels.com/main/themes/demo/webpage/shamcey/fonts/roboto/Roboto-Regular-webfont.svg]
[themepixels.com/main/themes/demo/webpage/shamcey/fonts/roboto/Roboto-Italic-webfont.svg]
[themepixels.com/main/themes/demo/webpage/shamcey/fonts/roboto/Roboto-Bold-webfont.svg]
[themepixels.com/main/themes/demo/webpage/shamcey/fonts/roboto/Roboto-BoldItalic-webfont.svg]
[themepixels.com/main/themes/demo/webpage/shamcey/fonts/roboto/Roboto-Condensed-webfont.svg]
[themepixels.com/main/themes/demo/webpage/shamcey/fonts/roboto/Roboto-CondensedItalic-webfont.svg]
[themepixels.com/main/themes/demo/webpage/shamcey/fonts/roboto/Roboto-BoldCondensed-webfont.svg]
[themepixels.com/main/themes/demo/webpage/shamcey/fonts/roboto/Roboto-BoldCondensedItalic-webfont.svg]
[themepixels.com/main/themes/demo/webpage/shamcey/fonts/roboto/Roboto-Thin-webfont.svg]
[themepixels.com/main/themes/demo/webpage/shamcey/fonts/roboto/Roboto-ThinItalic-webfont.svg]
[themepixels.com/main/themes/demo/webpage/shamcey/fonts/roboto/Roboto-LightItalic-webfont.svg]
[themepixels.com/main/themes/demo/webpage/shamcey/fonts/roboto/Roboto-Medium-webfont.svg]
[themepixels.com/main/themes/demo/webpage/shamcey/fonts/roboto/Roboto-MediumItalic-webfont.svg]
[themepixels.com/main/themes/demo/webpage/shamcey/fonts/roboto/Roboto-Black-webfont.svg]
[themepixels.com/main/themes/demo/webpage/shamcey/fonts/roboto/Roboto-BlackItalic-webfont.svg]
[themepixels.com/main/themes/demo/webpage/shamcey/fonts/lato/Lato-BlaIta-webfont.svg]
[themepixels.com/main/themes/demo/webpage/shamcey/fonts/lato/Lato-Bla-webfont.svg]
[themepixels.com/main/themes/demo/webpage/shamcey/fonts/lato/Lato-BolIta-webfont.svg]
[themepixels.com/main/themes/demo/webpage/shamcey/fonts/lato/Lato-Bol-webfont.svg]
[themepixels.com/main/themes/demo/webpage/shamcey/fonts/lato/Lato-RegIta-webfont.svg]
[themepixels.com/main/themes/demo/webpage/shamcey/fonts/lato/Lato-Reg-webfont.svg]
[themepixels.com/main/themes/demo/webpage/shamcey/fonts/lato/Lato-LigIta-webfont.svg]
[themepixels.com/main/themes/demo/webpage/shamcey/fonts/lato/Lato-Lig-webfont.svg]
[themepixels.com/main/themes/demo/webpage/shamcey/fonts/lato/Lato-HaiIta-webfont.svg]
[themepixels.com/main/themes/demo/webpage/shamcey/fonts/lato/Lato-Hai-webfont.svg]
[themepixels.com/main/themes/demo/webpage/shamcey/fonts/fontawesome/fontawesome-webfont.svg]
[themepixels.com/main/themes/demo/webpage/shamcey/fonts/roboto/Roboto-Light-webfont.svg]
